Vivado Simulator v2025.2
Copyright 1986-2022 Xilinx, Inc. All Rights Reserved.
Copyright 2022-2025 Advanced Micro Devices, Inc. All Rights Reserved.
Running: C:/Work/Vivado/2025.2/Vivado/bin/unwrapped/win64.o/xelab.exe --incr --debug typical --relax --mt 2 -L xil_defaultlib -L uvm -L unisims_ver -L unimacro_ver -L secureip --snapshot UART_tb_behav xil_defaultlib.UART_tb xil_defaultlib.glbl -log elaborate.log 
Using 2 slave threads.
Starting static elaboration
Pass Through NonSizing Optimizer
WARNING: [VRFC 10-3091] actual bit length 32 differs from formal bit length 10 for port 'dvsr' [C:/Learn/AL_03/AL_03.srcs/sources_1/new/UART.sv:45]
WARNING: [VRFC 10-8967] first argument of $fatal is invalid; expected 0, 1 or 2 [C:/Learn/AL_03/AL_03.srcs/sim_1/new/UART_tb.sv:137]
Completed static elaboration
INFO: [XSIM 43-4329] Assuming default value 1 for the first arguement of $fatal at Line 137, File C:/Learn/AL_03/AL_03.srcs/sim_1/new/UART_tb.sv
Starting simulation data flow analysis
Completed simulation data flow analysis
Time Resolution for simulation is 1ps
Compiling module xil_defaultlib.Baud_gen
Compiling module xil_defaultlib.UARTReader
Compiling module xil_defaultlib.UART_default
Compiling module xil_defaultlib.UART_tb
Compiling module xil_defaultlib.glbl
Built simulation snapshot UART_tb_behav
